stm32l4xx_hal_pwr_ex.c:131:10:HAL_PWREx_GetVoltageRange	4	static
stm32l4xx_hal_pwr_ex.c:180:19:HAL_PWREx_ControlVoltageScaling	24	static
stm32l4xx_hal_pwr_ex.c:299:6:HAL_PWREx_EnableBatteryCharging	16	static
stm32l4xx_hal_pwr_ex.c:315:6:HAL_PWREx_DisableBatteryCharging	4	static
stm32l4xx_hal_pwr_ex.c:370:6:HAL_PWREx_EnableInternalWakeUpLine	4	static
stm32l4xx_hal_pwr_ex.c:380:6:HAL_PWREx_DisableInternalWakeUpLine	4	static
stm32l4xx_hal_pwr_ex.c:408:19:HAL_PWREx_EnableGPIOPullUp	24	static
stm32l4xx_hal_pwr_ex.c:491:19:HAL_PWREx_DisableGPIOPullUp	24	static
stm32l4xx_hal_pwr_ex.c:568:19:HAL_PWREx_EnableGPIOPullDown	24	static
stm32l4xx_hal_pwr_ex.c:651:19:HAL_PWREx_DisableGPIOPullDown	24	static
stm32l4xx_hal_pwr_ex.c:721:6:HAL_PWREx_EnablePullUpPullDownConfig	4	static
stm32l4xx_hal_pwr_ex.c:733:6:HAL_PWREx_DisablePullUpPullDownConfig	4	static
stm32l4xx_hal_pwr_ex.c:746:6:HAL_PWREx_EnableSRAM2ContentRetention	4	static
stm32l4xx_hal_pwr_ex.c:758:6:HAL_PWREx_DisableSRAM2ContentRetention	4	static
stm32l4xx_hal_pwr_ex.c:906:6:HAL_PWREx_EnablePVM3	4	static
stm32l4xx_hal_pwr_ex.c:915:6:HAL_PWREx_DisablePVM3	4	static
stm32l4xx_hal_pwr_ex.c:925:6:HAL_PWREx_EnablePVM4	4	static
stm32l4xx_hal_pwr_ex.c:934:6:HAL_PWREx_DisablePVM4	4	static
stm32l4xx_hal_pwr_ex.c:954:19:HAL_PWREx_ConfigPVM	24	static
stm32l4xx_hal_pwr_ex.c:1116:6:HAL_PWREx_EnableLowPowerRunMode	4	static
stm32l4xx_hal_pwr_ex.c:1131:19:HAL_PWREx_DisableLowPowerRunMode	16	static
stm32l4xx_hal_pwr_ex.c:1175:6:HAL_PWREx_EnterSTOP0Mode	16	static,ignoring_inline_asm
stm32l4xx_hal_pwr_ex.c:1226:6:HAL_PWREx_EnterSTOP1Mode	16	static,ignoring_inline_asm
stm32l4xx_hal_pwr_ex.c:1278:6:HAL_PWREx_EnterSTOP2Mode	16	static,ignoring_inline_asm
stm32l4xx_hal_pwr_ex.c:1320:6:HAL_PWREx_EnterSHUTDOWNMode	4	static,ignoring_inline_asm
stm32l4xx_hal_pwr_ex.c:1345:6:HAL_PWREx_PVD_PVM_IRQHandler	8	static
stm32l4xx_hal_pwr_ex.c:1426:13:HAL_PWREx_PVM3Callback	4	static
stm32l4xx_hal_pwr_ex.c:1437:13:HAL_PWREx_PVM4Callback	4	static
