stm32l4xx_ll_adc.h:2457:22:LL_ADC_SetCommonClock	16	static
stm32l4xx_ll_adc.h:2519:22:LL_ADC_SetCommonPathInternalCh	16	static
stm32l4xx_ll_adc.h:2541:26:LL_ADC_GetCommonPathInternalCh	16	static
stm32l4xx_ll_adc.h:2872:22:LL_ADC_SetOffset	24	static
stm32l4xx_ll_adc.h:2951:26:LL_ADC_GetOffsetChannel	16	static
stm32l4xx_ll_adc.h:3010:22:LL_ADC_SetOffsetState	24	static
stm32l4xx_ll_adc.h:3191:26:LL_ADC_REG_IsTriggerSourceSWStart	16	static
stm32l4xx_ll_adc.h:3493:22:LL_ADC_REG_SetSequencerRanks	24	static
stm32l4xx_ll_adc.h:3917:26:LL_ADC_INJ_IsTriggerSourceSWStart	16	static
stm32l4xx_ll_adc.h:4659:22:LL_ADC_SetChannelSamplingTime	24	static
stm32l4xx_ll_adc.h:4813:22:LL_ADC_SetChannelSingleDiff	24	static
stm32l4xx_ll_adc.h:5020:22:LL_ADC_SetAnalogWDMonitChannels	24	static
stm32l4xx_ll_adc.h:5265:22:LL_ADC_ConfigAnalogWDThresholds	24	static
stm32l4xx_ll_adc.h:5865:22:LL_ADC_DisableDeepPowerDown	16	static
stm32l4xx_ll_adc.h:5879:26:LL_ADC_IsDeepPowerDownEnabled	16	static
stm32l4xx_ll_adc.h:5898:22:LL_ADC_EnableInternalRegulator	16	static
stm32l4xx_ll_adc.h:5928:26:LL_ADC_IsInternalRegulatorEnabled	16	static
stm32l4xx_ll_adc.h:5949:22:LL_ADC_Enable	16	static
stm32l4xx_ll_adc.h:5969:22:LL_ADC_Disable	16	static
stm32l4xx_ll_adc.h:5988:26:LL_ADC_IsEnabled	16	static
stm32l4xx_ll_adc.h:5999:26:LL_ADC_IsDisableOngoing	16	static
stm32l4xx_ll_adc.h:6074:22:LL_ADC_REG_StartConversion	16	static
stm32l4xx_ll_adc.h:6094:22:LL_ADC_REG_StopConversion	16	static
stm32l4xx_ll_adc.h:6110:26:LL_ADC_REG_IsConversionOngoing	16	static
stm32l4xx_ll_adc.h:6277:22:LL_ADC_INJ_StopConversion	16	static
stm32l4xx_ll_adc.h:6293:26:LL_ADC_INJ_IsConversionOngoing	16	static
stm32l4xx_ll_adc.h:6672:22:LL_ADC_ClearFlag_AWD1	16	static
stm32l4xx_ll_adc.h:6683:22:LL_ADC_ClearFlag_AWD2	16	static
stm32l4xx_ll_adc.h:6694:22:LL_ADC_ClearFlag_AWD3	16	static
stm32l4xx_ll_adc.h:7067:22:LL_ADC_EnableIT_AWD1	16	static
stm32l4xx_ll_adc.h:7078:22:LL_ADC_EnableIT_AWD2	16	static
stm32l4xx_ll_adc.h:7089:22:LL_ADC_EnableIT_AWD3	16	static
stm32l4xx_ll_adc.h:7188:22:LL_ADC_DisableIT_AWD1	16	static
stm32l4xx_ll_adc.h:7199:22:LL_ADC_DisableIT_AWD2	16	static
stm32l4xx_ll_adc.h:7210:22:LL_ADC_DisableIT_AWD3	16	static
stm32l4xx_hal_adc.c:418:19:HAL_ADC_Init	40	static
stm32l4xx_hal_adc.c:723:19:HAL_ADC_DeInit	24	static
stm32l4xx_hal_adc.c:925:13:HAL_ADC_MspInit	16	static
stm32l4xx_hal_adc.c:942:13:HAL_ADC_MspDeInit	16	static
stm32l4xx_hal_adc.c:1231:19:HAL_ADC_Start	24	static
stm32l4xx_hal_adc.c:1366:19:HAL_ADC_Stop	24	static
stm32l4xx_hal_adc.c:1420:19:HAL_ADC_PollForConversion	32	static
stm32l4xx_hal_adc.c:1599:19:HAL_ADC_PollForEvent	32	static
stm32l4xx_hal_adc.c:1744:19:HAL_ADC_Start_IT	24	static
stm32l4xx_hal_adc.c:1951:19:HAL_ADC_Stop_IT	24	static
stm32l4xx_hal_adc.c:2004:19:HAL_ADC_Start_DMA	32	static
stm32l4xx_hal_adc.c:2145:19:HAL_ADC_Stop_DMA	24	static
stm32l4xx_hal_adc.c:2230:10:HAL_ADC_GetValue	16	static
stm32l4xx_hal_adc.c:2247:6:HAL_ADC_IRQHandler	40	static
stm32l4xx_hal_adc.c:2617:13:HAL_ADC_ConvCpltCallback	16	static
stm32l4xx_hal_adc.c:2632:13:HAL_ADC_ConvHalfCpltCallback	16	static
stm32l4xx_hal_adc.c:2647:13:HAL_ADC_LevelOutOfWindowCallback	16	static
stm32l4xx_hal_adc.c:2669:13:HAL_ADC_ErrorCallback	16	static
stm32l4xx_hal_adc.c:2715:19:HAL_ADC_ConfigChannel	160	static,ignoring_inline_asm
stm32l4xx_hal_adc.c:2951:19:HAL_ADC_AnalogWDGConfig	56	static,ignoring_inline_asm
stm32l4xx_hal_adc.c:3200:10:HAL_ADC_GetState	16	static
stm32l4xx_hal_adc.c:3214:10:HAL_ADC_GetError	16	static
stm32l4xx_hal_adc.c:3244:19:ADC_ConversionStop	40	static
stm32l4xx_hal_adc.c:3374:19:ADC_Enable	24	static
stm32l4xx_hal_adc.c:3441:19:ADC_Disable	24	static
stm32l4xx_hal_adc.c:3499:6:ADC_DMAConvCplt	24	static
stm32l4xx_hal_adc.c:3577:6:ADC_DMAHalfConvCplt	24	static
stm32l4xx_hal_adc.c:3595:6:ADC_DMAError	24	static
