stm32l4xx_ll_adc.h:2519:22:LL_ADC_SetCommonPathInternalCh	16	static
stm32l4xx_ll_adc.h:2541:26:LL_ADC_GetCommonPathInternalCh	16	static
stm32l4xx_ll_adc.h:2585:22:LL_ADC_SetCalibrationFactor	24	static
stm32l4xx_ll_adc.h:2608:26:LL_ADC_GetCalibrationFactor	16	static
stm32l4xx_ll_adc.h:2872:22:LL_ADC_SetOffset	24	static
stm32l4xx_ll_adc.h:2951:26:LL_ADC_GetOffsetChannel	16	static
stm32l4xx_ll_adc.h:3010:22:LL_ADC_SetOffsetState	24	static
stm32l4xx_ll_adc.h:3191:26:LL_ADC_REG_IsTriggerSourceSWStart	16	static
stm32l4xx_ll_adc.h:3917:26:LL_ADC_INJ_IsTriggerSourceSWStart	16	static
stm32l4xx_ll_adc.h:4233:26:LL_ADC_INJ_GetTrigAuto	16	static
stm32l4xx_ll_adc.h:4279:22:LL_ADC_INJ_SetQueueMode	16	static
stm32l4xx_ll_adc.h:4659:22:LL_ADC_SetChannelSamplingTime	24	static
stm32l4xx_ll_adc.h:4813:22:LL_ADC_SetChannelSingleDiff	24	static
stm32l4xx_ll_adc.h:5842:22:LL_ADC_EnableDeepPowerDown	16	static
stm32l4xx_ll_adc.h:5917:22:LL_ADC_DisableInternalRegulator	16	static
stm32l4xx_ll_adc.h:5988:26:LL_ADC_IsEnabled	16	static
stm32l4xx_ll_adc.h:6043:26:LL_ADC_IsCalibrationOnGoing	16	static
stm32l4xx_ll_adc.h:6110:26:LL_ADC_REG_IsConversionOngoing	16	static
stm32l4xx_ll_adc.h:6257:22:LL_ADC_INJ_StartConversion	16	static
stm32l4xx_ll_adc.h:6293:26:LL_ADC_INJ_IsConversionOngoing	16	static
stm32l4xx_hal_adc_ex.c:145:19:HAL_ADCEx_Calibration_Start	24	static
stm32l4xx_hal_adc_ex.c:224:10:HAL_ADCEx_Calibration_GetValue	16	static
stm32l4xx_hal_adc_ex.c:244:19:HAL_ADCEx_Calibration_SetValue	40	static
stm32l4xx_hal_adc_ex.c:300:19:HAL_ADCEx_InjectedStart	24	static
stm32l4xx_hal_adc_ex.c:449:19:HAL_ADCEx_InjectedStop	24	static
stm32l4xx_hal_adc_ex.c:504:19:HAL_ADCEx_InjectedPollForConversion	40	static
stm32l4xx_hal_adc_ex.c:641:19:HAL_ADCEx_InjectedStart_IT	24	static
stm32l4xx_hal_adc_ex.c:814:19:HAL_ADCEx_InjectedStop_IT	24	static
stm32l4xx_hal_adc_ex.c:1156:10:HAL_ADCEx_InjectedGetValue	24	static
stm32l4xx_hal_adc_ex.c:1191:13:HAL_ADCEx_InjectedConvCpltCallback	16	static
stm32l4xx_hal_adc_ex.c:1210:13:HAL_ADCEx_InjectedQueueOverflowCallback	16	static
stm32l4xx_hal_adc_ex.c:1225:13:HAL_ADCEx_LevelOutOfWindow2Callback	16	static
stm32l4xx_hal_adc_ex.c:1240:13:HAL_ADCEx_LevelOutOfWindow3Callback	16	static
stm32l4xx_hal_adc_ex.c:1256:13:HAL_ADCEx_EndOfSamplingCallback	16	static
stm32l4xx_hal_adc_ex.c:1273:19:HAL_ADCEx_RegularStop	24	static
stm32l4xx_hal_adc_ex.c:1331:19:HAL_ADCEx_RegularStop_IT	24	static
stm32l4xx_hal_adc_ex.c:1391:19:HAL_ADCEx_RegularStop_DMA	24	static
stm32l4xx_hal_adc_ex.c:1652:19:HAL_ADCEx_InjectedConfigChannel	168	static,ignoring_inline_asm
stm32l4xx_hal_adc_ex.c:2197:19:HAL_ADCEx_EnableInjectedQueue	32	static
stm32l4xx_hal_adc_ex.c:2238:19:HAL_ADCEx_DisableInjectedQueue	32	static
stm32l4xx_hal_adc_ex.c:2275:19:HAL_ADCEx_DisableVoltageRegulator	24	static
stm32l4xx_hal_adc_ex.c:2312:19:HAL_ADCEx_EnterADCDeepPowerDownMode	24	static
