stm32l4xx_hal_flash.c:191:19:HAL_FLASH_Program	32	static
stm32l4xx_hal_flash.c:273:19:HAL_FLASH_Program_IT	32	static
stm32l4xx_hal_flash.c:333:6:HAL_FLASH_IRQHandler	24	static
stm32l4xx_hal_flash.c:476:13:HAL_FLASH_EndOfOperationCallback	16	static
stm32l4xx_hal_flash.c:494:13:HAL_FLASH_OperationErrorCallback	16	static
stm32l4xx_hal_flash.c:527:19:HAL_FLASH_Unlock	16	static
stm32l4xx_hal_flash.c:551:19:HAL_FLASH_Lock	4	static
stm32l4xx_hal_flash.c:563:19:HAL_FLASH_OB_Unlock	4	static
stm32l4xx_hal_flash.c:583:19:HAL_FLASH_OB_Lock	4	static
stm32l4xx_hal_flash.c:595:19:HAL_FLASH_OB_Launch	8	static
stm32l4xx_hal_flash.c:645:10:HAL_FLASH_GetError	4	static
stm32l4xx_hal_flash.c:669:19:FLASH_WaitForLastOperation	24	static
stm32l4xx_hal_flash.c:720:13:FLASH_Program_DoubleWord	24	static
stm32l4xx_hal_flash.c:739:13:FLASH_Program_Fast	32	static,ignoring_inline_asm
