stm32l4xx_hal_uart.c:327:19:HAL_UART_Init	16	static
stm32l4xx_hal_uart.c:402:19:HAL_HalfDuplex_Init	16	static
stm32l4xx_hal_uart.c:477:19:HAL_LIN_Init	16	static
stm32l4xx_hal_uart.c:576:19:HAL_MultiProcessor_Init	24	static
stm32l4xx_hal_uart.c:652:19:HAL_UART_DeInit	16	static
stm32l4xx_hal_uart.c:699:13:HAL_UART_MspInit	16	static
stm32l4xx_hal_uart.c:714:13:HAL_UART_MspDeInit	16	static
stm32l4xx_hal_uart.c:1089:19:HAL_UART_Transmit	40	static
stm32l4xx_hal_uart.c:1164:19:HAL_UART_Receive	48	static
stm32l4xx_hal_uart.c:1235:19:HAL_UART_Transmit_IT	24	static
stm32l4xx_hal_uart.c:1315:19:HAL_UART_Receive_IT	24	static
stm32l4xx_hal_uart.c:1402:19:HAL_UART_Transmit_DMA	24	static
stm32l4xx_hal_uart.c:1464:19:HAL_UART_Receive_DMA	24	static
stm32l4xx_hal_uart.c:1524:19:HAL_UART_DMAPause	16	static
stm32l4xx_hal_uart.c:1557:19:HAL_UART_DMAResume	16	static
stm32l4xx_hal_uart.c:1591:19:HAL_UART_DMAStop	16	static
stm32l4xx_hal_uart.c:1645:19:HAL_UART_Abort	16	static
stm32l4xx_hal_uart.c:1729:19:HAL_UART_AbortTransmit	16	static
stm32l4xx_hal_uart.c:1785:19:HAL_UART_AbortReceive	16	static
stm32l4xx_hal_uart.c:1842:19:HAL_UART_Abort_IT	24	static
stm32l4xx_hal_uart.c:1993:19:HAL_UART_AbortTransmit_IT	16	static
stm32l4xx_hal_uart.c:2089:19:HAL_UART_AbortReceive_IT	16	static
stm32l4xx_hal_uart.c:2178:6:HAL_UART_IRQHandler	32	static
stm32l4xx_hal_uart.c:2425:13:HAL_UART_TxCpltCallback	16	static
stm32l4xx_hal_uart.c:2440:13:HAL_UART_TxHalfCpltCallback	16	static
stm32l4xx_hal_uart.c:2455:13:HAL_UART_RxCpltCallback	16	static
stm32l4xx_hal_uart.c:2470:13:HAL_UART_RxHalfCpltCallback	16	static
stm32l4xx_hal_uart.c:2485:13:HAL_UART_ErrorCallback	16	static
stm32l4xx_hal_uart.c:2500:13:HAL_UART_AbortCpltCallback	16	static
stm32l4xx_hal_uart.c:2515:13:HAL_UART_AbortTransmitCpltCallback	16	static
stm32l4xx_hal_uart.c:2530:13:HAL_UART_AbortReceiveCpltCallback	16	static
stm32l4xx_hal_uart.c:2574:19:HAL_MultiProcessor_EnableMuteMode	16	static
stm32l4xx_hal_uart.c:2595:19:HAL_MultiProcessor_DisableMuteMode	16	static
stm32l4xx_hal_uart.c:2616:6:HAL_MultiProcessor_EnterMuteMode	16	static
stm32l4xx_hal_uart.c:2626:19:HAL_HalfDuplex_EnableTransmitter	16	static
stm32l4xx_hal_uart.c:2651:19:HAL_HalfDuplex_EnableReceiver	16	static
stm32l4xx_hal_uart.c:2677:19:HAL_LIN_SendBreak	16	static
stm32l4xx_hal_uart.c:2724:23:HAL_UART_GetState	24	static
stm32l4xx_hal_uart.c:2739:10:HAL_UART_GetError	16	static
stm32l4xx_hal_uart.c:2786:19:UART_SetConfig	72	static
stm32l4xx_hal_uart.c:3089:6:UART_AdvFeatureConfig	16	static
stm32l4xx_hal_uart.c:3163:19:UART_CheckIdleState	32	static
stm32l4xx_hal_uart.c:3213:19:UART_WaitOnFlagUntilTimeout	24	static
stm32l4xx_hal_uart.c:3250:13:UART_EndTxTransfer	16	static
stm32l4xx_hal_uart.c:3271:13:UART_EndRxTransfer	16	static
stm32l4xx_hal_uart.c:3295:13:UART_DMATransmitCplt	24	static
stm32l4xx_hal_uart.c:3329:13:UART_DMATxHalfCplt	24	static
stm32l4xx_hal_uart.c:3347:13:UART_DMAReceiveCplt	24	static
stm32l4xx_hal_uart.c:3382:13:UART_DMARxHalfCplt	24	static
stm32l4xx_hal_uart.c:3400:13:UART_DMAError	24	static
stm32l4xx_hal_uart.c:3437:13:UART_DMAAbortOnError	24	static
stm32l4xx_hal_uart.c:3460:13:UART_DMATxAbortCallback	24	static
stm32l4xx_hal_uart.c:3516:13:UART_DMARxAbortCallback	24	static
stm32l4xx_hal_uart.c:3567:13:UART_DMATxOnlyAbortCallback	24	static
stm32l4xx_hal_uart.c:3602:13:UART_DMARxOnlyAbortCallback	24	static
stm32l4xx_hal_uart.c:3634:13:UART_TxISR_8BIT	16	static
stm32l4xx_hal_uart.c:3666:13:UART_TxISR_16BIT	24	static
stm32l4xx_hal_uart.c:3776:13:UART_EndTransmit_IT	16	static
stm32l4xx_hal_uart.c:3801:13:UART_RxISR_8BIT	32	static
stm32l4xx_hal_uart.c:3853:13:UART_RxISR_16BIT	24	static
