stm32l4xx_hal.c:166:19:HAL_Init	16	static
stm32l4xx_hal.c:210:19:HAL_DeInit	8	static
stm32l4xx_hal.c:239:13:HAL_MspInit	4	static
stm32l4xx_hal.c:250:13:HAL_MspDeInit	4	static
stm32l4xx_hal.c:273:26:HAL_InitTick	24	static
stm32l4xx_hal.c:325:13:HAL_IncTick	4	static
stm32l4xx_hal.c:336:17:HAL_GetTick	4	static
stm32l4xx_hal.c:352:13:HAL_Delay	24	static
stm32l4xx_hal.c:378:13:HAL_SuspendTick	4	static
stm32l4xx_hal.c:394:13:HAL_ResumeTick	4	static
stm32l4xx_hal.c:404:10:HAL_GetHalVersion	4	static
stm32l4xx_hal.c:413:10:HAL_GetREVID	4	static
stm32l4xx_hal.c:422:10:HAL_GetDEVID	4	static
stm32l4xx_hal.c:431:10:HAL_GetUIDw0	4	static
stm32l4xx_hal.c:440:10:HAL_GetUIDw1	4	static
stm32l4xx_hal.c:449:10:HAL_GetUIDw2	4	static
stm32l4xx_hal.c:478:6:HAL_DBGMCU_EnableDBGSleepMode	4	static
stm32l4xx_hal.c:487:6:HAL_DBGMCU_DisableDBGSleepMode	4	static
stm32l4xx_hal.c:496:6:HAL_DBGMCU_EnableDBGStopMode	4	static
stm32l4xx_hal.c:505:6:HAL_DBGMCU_DisableDBGStopMode	4	static
stm32l4xx_hal.c:514:6:HAL_DBGMCU_EnableDBGStandbyMode	4	static
stm32l4xx_hal.c:523:6:HAL_DBGMCU_DisableDBGStandbyMode	4	static
stm32l4xx_hal.c:556:6:HAL_SYSCFG_SRAM2Erase	4	static
stm32l4xx_hal.c:575:6:HAL_SYSCFG_EnableMemorySwappingBank	4	static
stm32l4xx_hal.c:590:6:HAL_SYSCFG_DisableMemorySwappingBank	4	static
stm32l4xx_hal.c:607:6:HAL_SYSCFG_VREFBUF_VoltageScalingConfig	16	static
stm32l4xx_hal.c:623:6:HAL_SYSCFG_VREFBUF_HighImpedanceConfig	16	static
stm32l4xx_hal.c:635:6:HAL_SYSCFG_VREFBUF_TrimmingConfig	16	static
stm32l4xx_hal.c:647:19:HAL_SYSCFG_EnableVREFBUF	16	static
stm32l4xx_hal.c:673:6:HAL_SYSCFG_DisableVREFBUF	4	static
stm32l4xx_hal.c:684:6:HAL_SYSCFG_EnableIOAnalogSwitchBooster	4	static
stm32l4xx_hal.c:694:6:HAL_SYSCFG_DisableIOAnalogSwitchBooster	4	static
