cmath:357:3:constexpr float std::log10(float)	16	static
cmath:592:3:constexpr bool std::isinf(double)	32	static
ei_classifier_porting.cpp:33:40:EI_IMPULSE_ERROR ei_run_impulse_check_canceled()	4	static
ei_classifier_porting.cpp:37:40:EI_IMPULSE_ERROR ei_sleep(int32_t)	16	static
ei_classifier_porting.cpp:42:10:uint64_t ei_read_timer_ms()	8	static
ei_classifier_porting.cpp:46:10:uint64_t ei_read_timer_us()	8	static
ei_classifier_porting.cpp:50:28:)	16	static
ei_classifier_porting.cpp:57:28:void ei_printf_float(float)	72	dynamic
ei_classifier_porting.cpp:103:29:void* ei_malloc(size_t)	16	static
ei_classifier_porting.cpp:107:29:void* ei_calloc(size_t, size_t)	16	static
ei_classifier_porting.cpp:111:28:void ei_free(void*)	16	static
ei_classifier_porting.cpp:118:28:void DebugLog(const char*)	16	static
cmath:415:5:constexpr typename __gnu_cxx::__promote_2<_Tp, _Up>::__type std::pow(_Tp, _Up) [with _Tp = double; _Up = int]	24	static
